// Jest Snapshot v1, https://goo.gl/fbAQLP

exports[`view vehicles in db 1`] = `<vehicles />`;
